// Jest Snapshot v1, https://goo.gl/fbAQLP

exports[`Loader matches snapshot 1`] = `
<DocumentFragment>
  <div
    class="loading-container"
  >
    <img
      alt="loading..."
      src="XVo6.gif"
    />
  </div>
</DocumentFragment>
`;
